git init
			//create a file in your folder
git add read.txt

git status
git commit -m "first commit"
git branch -M main
git remote add origin https://github.com/Shakana25/Weather.git
git push -u origin main



git checkout -b Shakana
git status
git add read/ git add .
git commit -m "name"
git push


F:\shana\project\code>git status
On branch Shakana
Your branch is up to date with 'origin/Shakana'.

Untracked files:
  (use "git add <file>..." to include in what will be committed)
        WeatherApp.xd

nothing added to commit but untracked files present (use "git add" to track)

F:\shana\project\code>git branch
* Shakana
  main

F:\shana\project\code>git add WeatherApp.xd

F:\shana\project\code>git commit -m "adobe design"
[Shakana 7b770fd] adobe design
 1 file changed, 0 insertions(+), 0 deletions(-)
 create mode 100644 WeatherApp.xd

F:\shana\project\code>git push
Enumerating objects: 4, done.
Counting objects: 100% (4/4), done.
Delta compression using up to 4 threads
Compressing objects: 100% (3/3), done.
Writing objects: 100% (3/3), 932.36 KiB | 22.74 MiB/s, done.
Total 3 (delta 0), reused 0 (delta 0), pack-reused 0
remote: This repository moved. Please use the new location:
remote:   https://github.com/Shakana25/Weather.git
To https://github.com/Shakana25/new.git
   5ccf00f..7b770fd  Shakana -> Shakana